// Vitest Snapshot v1, https://vitest.dev/guide/snapshot.html

exports[`buildWsbConfig > generates mapped folders, logon command and networking without setupScript 1`] = `
"<Configuration>
  <MappedFolders>
    <MappedFolder>
      <HostFolder>D:\\dev\\demo</HostFolder>
      <SandboxFolder>C:\\owc-workspace</SandboxFolder>
      <ReadOnly>false</ReadOnly>
    </MappedFolder>
    <MappedFolder>
      <HostFolder>D:\\dev\\openwebcode\\build\\Debug</HostFolder>
      <SandboxFolder>C:\\owc</SandboxFolder>
      <ReadOnly>true</ReadOnly>
    </MappedFolder>
  </MappedFolders>
  <LogonCommand>
    <Command>cmd /c "C:\\owc\\owc-exec.exe --connect 192.168.1.10:54321"</Command>
  </LogonCommand>
  <Networking>Enable</Networking>
</Configuration>
"
`;
